../Src/main.c:93:5:main	8	static
../Src/main.c:201:6:SystemClock_Config	88	static
../Src/main.c:249:13:MX_ADC1_Init	24	static
../Src/main.c:305:13:MX_I2C1_Init	8	static
../Src/main.c:339:13:MX_TIM2_Init	32	static
../Src/main.c:384:13:MX_USART2_UART_Init	8	static
../Src/main.c:415:13:MX_DMA_Init	16	static
../Src/main.c:433:13:MX_GPIO_Init	48	static
../Src/main.c:480:6:HAL_TIM_PeriodElapsedCallback	16	static
../Src/main.c:540:6:SetUpNormalizeParameter	16424	static
../Src/main.c:556:6:DrawParameter	48	static
../Src/main.c:584:6:UserSetUp	48	static
../Src/main.c:694:6:Error_Handler	4	static
